// Jest Snapshot v1, https://goo.gl/fbAQLP

exports[`rendering components Meat should be rendered 1`] = `
<div>
  <img
    alt=""
    height={30}
    src="/images/meat.png"
    width={500}
  />
</div>
`;
