// Jest Snapshot v1, https://goo.gl/fbAQLP

exports[`rendering components burger ingredient should render 1`] = `<BurgerIngredients />`;
