// Jest Snapshot v1, https://goo.gl/fbAQLP

exports[`rendering components Cheese should be rendered 1`] = `
<div>
  <img
    alt=""
    height={25}
    src="/images/cheese.png"
    width={700}
  />
</div>
`;
